

times in msec
 clock   self+sourced   self:  sourced script
 clock   elapsed:              other lines

000.004  000.004: --- VIM STARTING ---
000.141  000.137: locale set
000.143  000.002: clipboard setup
000.144  000.001: window checked
000.443  000.299: inits 1
000.480  000.037: parsing arguments
000.480  000.000: expanding arguments
006.928  006.448: shell init
007.141  000.213: inits 2
007.397  000.256: init highlight
010.345  000.990  000.990: sourcing /opt/homebrew/share/vim/vim92/colors/lists/default.vim
010.419  001.306  000.316: sourcing /opt/homebrew/share/vim/vim92/syntax/syncolor.vim
010.468  001.538  000.232: sourcing /opt/homebrew/share/vim/vim92/syntax/synload.vim
012.846  002.298  002.298: sourcing /opt/homebrew/share/vim/vim92/filetype.vim
014.775  001.746  001.746: sourcing /opt/homebrew/share/vim/vim92/autoload/dist/ft.vim
018.162  000.258  000.258: sourcing /opt/homebrew/share/vim/vim92/autoload/dist/script.vim
018.540  003.150  002.892: sourcing /opt/homebrew/share/vim/vim92/scripts.vim
018.574  010.556  001.824: sourcing /opt/homebrew/share/vim/vim92/syntax/syntax.vim
018.757  000.062  000.062: sourcing /opt/homebrew/share/vim/vim92/colors/lists/default.vim
019.265  000.077  000.077: sourcing /opt/homebrew/share/vim/vim92/syntax/syncolor.vim
019.417  000.073  000.073: sourcing /opt/homebrew/share/vim/vim92/syntax/syncolor.vim
019.987  001.158  001.008: sourcing /Users/marian/.vim/colors/ayu.vim
020.046  000.006  000.006: sourcing /opt/homebrew/share/vim/vim92/filetype.vim
020.278  000.169  000.169: sourcing /opt/homebrew/share/vim/vim92/ftplugin.vim
020.491  000.147  000.147: sourcing /opt/homebrew/share/vim/vim92/indent.vim
021.312  013.833  001.735: sourcing /Users/marian/dot-files/.vimrc
021.314  000.084: sourcing vimrc file(s)
023.036  000.147  000.147: sourcing /Users/marian/.vim/plugin/git_helpers.vim
023.855  000.129  000.129: sourcing /opt/homebrew/share/vim/vim92/plugin/getscriptPlugin.vim
024.075  000.171  000.171: sourcing /opt/homebrew/share/vim/vim92/plugin/gzip.vim
024.331  000.207  000.207: sourcing /opt/homebrew/share/vim/vim92/plugin/logiPat.vim
024.425  000.044  000.044: sourcing /opt/homebrew/share/vim/vim92/plugin/manpager.vim
024.681  000.207  000.207: sourcing /opt/homebrew/share/vim/vim92/plugin/matchparen.vim
025.817  000.256  000.256: sourcing /opt/homebrew/Cellar/vim/9.2.1150/share/vim/vim92/pack/dist/opt/netrw/plugin/netrwPlugin.vim
025.834  001.104  000.848: sourcing /opt/homebrew/share/vim/vim92/plugin/netrwPlugin.vim
026.020  000.120  000.120: sourcing /opt/homebrew/share/vim/vim92/plugin/openPlugin.vim
026.117  000.045  000.045: sourcing /opt/homebrew/share/vim/vim92/plugin/rrhelper.vim
026.208  000.035  000.035: sourcing /opt/homebrew/share/vim/vim92/plugin/spellfile.vim
026.342  000.083  000.083: sourcing /opt/homebrew/share/vim/vim92/plugin/tarPlugin.vim
026.555  000.157  000.157: sourcing /opt/homebrew/share/vim/vim92/plugin/tohtml.vim
026.642  000.035  000.035: sourcing /opt/homebrew/share/vim/vim92/plugin/tutor.vim
026.771  000.077  000.077: sourcing /opt/homebrew/share/vim/vim92/plugin/vimballPlugin.vim
026.940  000.092  000.092: sourcing /opt/homebrew/share/vim/vim92/plugin/zipPlugin.vim
027.991  000.653  000.653: sourcing /opt/homebrew/opt/fzf/plugin/fzf.vim
027.992  003.372: loading plugins
029.280  000.701  000.701: sourcing /Users/marian/dot-files/.vim/pack/bundles/start/fzf.vim/plugin/fzf.vim
029.739  000.146  000.146: sourcing /Users/marian/dot-files/.vim/pack/bundles/start/lightline.vim/plugin/lightline.vim
030.736  000.752  000.752: sourcing /Users/marian/dot-files/.vim/pack/bundles/start/supertab/plugin/supertab.vim
031.266  000.275  000.275: sourcing /Users/marian/dot-files/.vim/pack/bundles/start/vim-commentary/plugin/commentary.vim
031.779  000.309  000.309: sourcing /Users/marian/dot-files/.vim/pack/bundles/start/vim-endwise/plugin/endwise.vim
032.666  000.225  000.225: sourcing /Users/marian/.vim/pack/bundles/start/vim-gitgutter/autoload/gitgutter/utility.vim
033.002  000.186  000.186: sourcing /Users/marian/.vim/pack/bundles/start/vim-gitgutter/autoload/gitgutter/highlight.vim
033.410  001.249  000.838: sourcing /Users/marian/dot-files/.vim/pack/bundles/start/vim-gitgutter/plugin/gitgutter.vim
033.840  000.257  000.257: sourcing /Users/marian/dot-files/.vim/pack/bundles/start/vim-rooter/plugin/rooter.vim
034.657  000.549  000.549: sourcing /Users/marian/dot-files/.vim/pack/bundles/start/vim-surround/plugin/surround.vim
034.698  002.468: loading packages
034.711  000.013: loading after plugins
034.713  000.002: inits 3
034.713  000.000: reading viminfo
034.715  000.002: setting raw mode
034.715  000.000: start termcap
035.827  001.112: opening buffers
036.484  000.515  000.515: sourcing /Users/marian/.vim/pack/bundles/start/lightline.vim/autoload/lightline.vim
036.879  000.102  000.102: sourcing /Users/marian/.vim/pack/bundles/start/lightline.vim/autoload/lightline/tab.vim
037.558  000.202  000.202: sourcing /Users/marian/.vim/pack/bundles/start/lightline.vim/autoload/lightline/colorscheme.vim
039.232  002.219  002.017: sourcing /Users/marian/.vim/pack/bundles/start/lightline.vim/autoload/lightline/colorscheme/ayu_dark.vim
041.666  000.262  000.262: sourcing /Users/marian/.vim/pack/bundles/start/vim-gitgutter/autoload/gitgutter.vim
041.948  003.023: BufEnter autocommands
041.950  000.002: editing files in windows
